------------------------------------------------------------
TimeQuest Timing Analyzer Summary
------------------------------------------------------------

Type  : Slow 1200mV 85C Model Setup 'clk'
Slack : -0.186
TNS   : -0.528

Type  : Slow 1200mV 85C Model Hold 'clk'
Slack : 0.402
TNS   : 0.000

Type  : Slow 1200mV 85C Model Recovery 'clk'
Slack : -0.466
TNS   : -2.796

Type  : Slow 1200mV 85C Model Removal 'clk'
Slack : 0.978
TNS   : 0.000

Type  : Slow 1200mV 85C Model Minimum Pulse Width 'clk'
Slack : -3.000
TNS   : -11.995

Type  : Slow 1200mV 0C Model Setup 'clk'
Slack : -0.070
TNS   : -0.181

Type  : Slow 1200mV 0C Model Hold 'clk'
Slack : 0.354
TNS   : 0.000

Type  : Slow 1200mV 0C Model Recovery 'clk'
Slack : -0.323
TNS   : -1.938

Type  : Slow 1200mV 0C Model Removal 'clk'
Slack : 0.885
TNS   : 0.000

Type  : Slow 1200mV 0C Model Minimum Pulse Width 'clk'
Slack : -3.000
TNS   : -11.995

Type  : Fast 1200mV 0C Model Setup 'clk'
Slack : 0.417
TNS   : 0.000

Type  : Fast 1200mV 0C Model Hold 'clk'
Slack : 0.182
TNS   : 0.000

Type  : Fast 1200mV 0C Model Recovery 'clk'
Slack : 0.272
TNS   : 0.000

Type  : Fast 1200mV 0C Model Removal 'clk'
Slack : 0.476
TNS   : 0.000

Type  : Fast 1200mV 0C Model Minimum Pulse Width 'clk'
Slack : -3.000
TNS   : -10.427

------------------------------------------------------------
