------------------------------------------------------------
TimeQuest Timing Analyzer Summary
------------------------------------------------------------

Type  : Slow 1200mV 85C Model Setup 'KEY[3]'
Slack : -5.235
TNS   : -187.100

Type  : Slow 1200mV 85C Model Hold 'KEY[3]'
Slack : 0.440
TNS   : 0.000

Type  : Slow 1200mV 85C Model Recovery 'KEY[3]'
Slack : -0.614
TNS   : -18.693

Type  : Slow 1200mV 85C Model Removal 'KEY[3]'
Slack : 0.478
TNS   : 0.000

Type  : Slow 1200mV 85C Model Minimum Pulse Width 'KEY[3]'
Slack : -3.000
TNS   : -89.095

Type  : Slow 1200mV 0C Model Setup 'KEY[3]'
Slack : -4.696
TNS   : -166.172

Type  : Slow 1200mV 0C Model Hold 'KEY[3]'
Slack : 0.387
TNS   : 0.000

Type  : Slow 1200mV 0C Model Recovery 'KEY[3]'
Slack : -0.464
TNS   : -11.568

Type  : Slow 1200mV 0C Model Removal 'KEY[3]'
Slack : 0.415
TNS   : 0.000

Type  : Slow 1200mV 0C Model Minimum Pulse Width 'KEY[3]'
Slack : -3.000
TNS   : -89.095

Type  : Fast 1200mV 0C Model Setup 'KEY[3]'
Slack : -2.011
TNS   : -58.808

Type  : Fast 1200mV 0C Model Hold 'KEY[3]'
Slack : 0.201
TNS   : 0.000

Type  : Fast 1200mV 0C Model Recovery 'KEY[3]'
Slack : 0.169
TNS   : 0.000

Type  : Fast 1200mV 0C Model Removal 'KEY[3]'
Slack : 0.247
TNS   : 0.000

Type  : Fast 1200mV 0C Model Minimum Pulse Width 'KEY[3]'
Slack : -3.000
TNS   : -77.362

------------------------------------------------------------
